Author: Karl Heinz Marbaise
   MNG-6017
   MNG-6014
   MNG-5946
   MNG-5940
   MNG-5931
   MNG-5904
   MNG-5868
   MNG-5607
Author: Michael Osipov
   MNG-6003
   MNG-6001
   MNG-5977
   MNG-5976
   MNG-5975
   MNG-5954
   MNG-5878
   MNG-5579
Author: Gabriël Konat
   MNG-5984
Author: Stuart McCulloch
   MNG-5981
Author: Stephane Nicoll
   MNG-5971
Author: Christian Schulte
   MNG-5968
   MNG-5967
   MNG-5227
   MNG-2199
Author: Larry Singer
   MNG-5963
Author: Miriam Lee
   MNG-5962
Author: Mike Drob
   MNG-5961
Author: vongosling
   MNG-5959
Author: Meytal Genah
   MNG-5958
Author: Jörg Sesterhenn
   MNG-5951
Author: chibbe
   MNG-5939
Author: Marcel Schutte
   MNG-5935
Author: Alex Henrie
   MNG-5934
Author: Ben Caradoc-Davies
   MNG-5883
Author: Petr Kozelka
   MNG-5863
Author: Jeffrey Alexander
   MNG-5852
Author: Ali Reza Sharghi
   MNG-5849
Author: Erlend Birkedal
   MNG-5837
Author: Igor Fedorenko
   MNG-5836
Author: Tobias Oberlies
   MNG-5823
Author: Anthony Whitford
   MNG-5629
Author: Martin Vavra
   MNG-5538
Author: Benson Margulies
   MNG-5387
Author: Andrew Haines
   MNG-5368
Author: Anders Hammar
   MNG-5359
Author: Richard van der Hoff
   MNG-4508
Author: Jörg Hohwiller
   MNG-2478
Author: Kees de Kooter
   MNG-1977
